
> ai-studio-applet@0.1.0 build
> next build

   Ôû▓ Next.js 15.5.12
   - Environments: .env.local

   Creating an optimized production build ...
node.exe : <w> [webpack.ca
che.PackFileCacheStrategy]
 Serializing big strings 
(133kiB) impacts 
deserialization 
performance (consider 
using Buffer instead and 
decode when needed)
No linha:1 caractere:1
+ & "C:\Program 
Files\nodejs/node.exe" 
"C:\Program 
Files\nodejs/node_mo ...
+ ~~~~~~~~~~~~~~~~~~~~~~~~
~~~~~~~~~~~~~~~~~~~~~~~~~~
~~~~~~~~~~~~~~~~~~~
    + CategoryInfo        
      : NotSpecified: (<  
  w> [webpack.ca...de w   
 hen needed):String) [    
], RemoteException
    + FullyQualifiedError 
   Id : NativeCommandErr  
  or
 
 Ô£ô Compiled successfully in 18.4s
   Skipping linting
   Checking validity of types ...
   Collecting page data ...
===> ASAAS API KEY CARREGADA: $aact_hmlg_000MzkwODA2MWY2OGM3MWRlMDU2NWM3MzJlNzZmNGZhZGY6OjJlNjg5Nzc2LTA1ZWMtNDk1MC05OTY1LTZkNDMyMTA1NzdmOTo6JGFhY2hfZTFiMDc2ZDgtZmUxMS00NjRiLWE2MGYtZmEyMzcxOTMyMzVh
   Generating static pages (0/19) ...
===> ASAAS API KEY CARREGADA: $aact_hmlg_000MzkwODA2MWY2OGM3MWRlMDU2NWM3MzJlNzZmNGZhZGY6OjJlNjg5Nzc2LTA1ZWMtNDk1MC05OTY1LTZkNDMyMTA1NzdmOTo6JGFhY2hfZTFiMDc2ZDgtZmUxMS00NjRiLWE2MGYtZmEyMzcxOTMyMzVh
   Generating static pages (4/19) 
The width(-1) and 
height(-1) of chart 
should be greater than 0,
       please check the 
style of container, or 
the props width(100%) and 
height(100%),
       or add a 
minWidth(0) or 
minHeight(undefined) or 
use aspect(undefined) to 
control the
       height and width.
   Generating static pages (9/19) 
   Generating static pages (14/19) 
 Ô£ô Generating static pages (19/19)
   Finalizing page optimization ...
   Collecting build traces ...

Route (app)                                 Size  First Load JS
Ôöî Ôùï /                                    6.41 kB         112 kB
Ôö£ Ôùï /_not-found                             1 kB         103 kB
Ôö£ ãÆ /api/asaas/checkout                    131 B         102 kB
Ôö£ ãÆ /api/asaas/sync                        131 B         102 kB
Ôö£ ãÆ /api/asaas/webhook                     131 B         102 kB
Ôö£ Ôùï /chat                                6.63 kB         227 kB
Ôö£ Ôùï /customers                           8.03 kB         226 kB
Ôö£ Ôùï /dashboard                           11.4 kB         293 kB
Ôö£ Ôùï /finance                             9.24 kB         226 kB
Ôö£ Ôùï /labels                               140 kB         357 kB
Ôö£ Ôùï /login                                4.1 kB         201 kB
Ôö£ Ôùï /orders                              13.8 kB         232 kB
Ôö£ Ôùï /reports                             17.5 kB         301 kB
Ôö£ Ôùï /services                            10.4 kB         225 kB
Ôö£ Ôùï /settings                            17.2 kB         232 kB
Ôö£ Ôùï /stock                               7.04 kB         224 kB
Ôöö Ôùï /team                                7.71 kB         228 kB
+ First Load JS shared by all             102 kB
  Ôö£ chunks/255-fbbb6610e178a9ae.js       45.5 kB
  Ôö£ chunks/4bd1b696-1c88c00269cf164c.js  54.2 kB
  Ôöö other shared chunks (total)          2.02 kB


ãÆ Middleware                             81.2 kB

Ôùï  (Static)   prerendered as static content
ãÆ  (Dynamic)  server-rendered on demand

