app/page.tsx(239,200): error TS17008: JSX element 'br' has no corresponding closing tag.
app/page.tsx(481,7): error TS1109: Expression expected.
app/page.tsx(485,70): error TS1382: Unexpected token. Did you mean `{'>'}` or `&gt;`?
app/page.tsx(489,12): error TS1381: Unexpected token. Did you mean `{'}'}` or `&rbrace;`?
app/page.tsx(490,10): error TS1381: Unexpected token. Did you mean `{'}'}` or `&rbrace;`?
app/page.tsx(492,7): error TS1109: Expression expected.
app/page.tsx(493,39): error TS1005: '}' expected.
app/page.tsx(496,7): error TS1381: Unexpected token. Did you mean `{'}'}` or `&rbrace;`?
app/page.tsx(497,62): error TS1005: '}' expected.
app/page.tsx(500,7): error TS1381: Unexpected token. Did you mean `{'}'}` or `&rbrace;`?
app/page.tsx(501,5): error TS1381: Unexpected token. Did you mean `{'}'}` or `&rbrace;`?
